Microchip MPLAB XC8 Compiler V1.37 ()

Linker command line:

-W-3 --edf=C:\Program Files (x86)\Microchip\xc8\v1.37\dat\en_msgs.txt -cs \
  -h+dist/default/production\CarSensor.X.production.sym \
  --cmf=dist/default/production\CarSensor.X.production.cmf -z -Q18F4620 \
  -oC:\Users\Noor\AppData\Local\Temp\sdps.2 \
  -Mdist/default/production/CarSensor.X.production.map -E1 -ver=XC8 \
  -ASTACK=0A8h-0f7fh -pstack=STACK -ACODE=0300h-0FFFFh -ACONST=0300h-0FFFFh \
  -ASMALLCONST=01000h-010FFhx240 -AMEDIUMCONST=01000h-0FFFFh \
  -ACOMRAM=01h-07Fh -AABS1=00h-0F7Fh -ABIGRAM=01h-0F7Fh \
  -ARAM=080h-0FFh,0100h-01FFhx14,0F00h-0F7Fh -ABANK0=080h-0FFh \
  -ABANK1=0100h-01FFh -ABANK2=0200h-02FFh -ABANK3=0300h-03FFh \
  -ABANK4=0400h-04FFh -ABANK5=0500h-05FFh -ABANK6=0600h-06FFh \
  -ABANK7=0700h-07FFh -ABANK8=0800h-08FFh -ABANK9=0900h-09FFh \
  -ABANK10=0A00h-0AFFh -ABANK11=0B00h-0BFFh -ABANK12=0C00h-0CFFh \
  -ABANK13=0D00h-0DFFh -ABANK14=0E00h-0EFFh -ABANK15=0F00h-0F7Fh \
  -ASFR=0F80h-0FFFh \
  -preset_vec=0300h,intcode,intcodelo,powerup,init,end_init -pramtop=01000h \
  -psmallconst=SMALLCONST -pmediumconst=MEDIUMCONST -pconst=CONST \
  -AFARRAM=00h-00h -ACONFIG=0300000h-030000Dh -pconfig=CONFIG \
  -AIDLOC=0200000h-0200007h -pidloc=IDLOC -AEEDATA=0F00000h-0F003FFh \
  -peeprom_data=EEDATA \
  -prdata=COMRAM,nvrram=COMRAM,nvbit=COMRAM,rbss=COMRAM,rbit=COMRAM \
  -pfarbss=FARRAM,fardata=FARRAM,nvFARRAM=FARRAM \
  -pintsave_regs=BIGRAM,bigbss=BIGRAM,bigdata=BIGRAM -pbss=RAM \
  -pidata=CODE,irdata=CODE,ibigdata=CODE,ifardata=CODE -prparam=COMRAM \
  C:\Users\Noor\AppData\Local\Temp\sdps.obj \
  dist/default/production\CarSensor.X.production.obj 

Object code version is 3.11

Machine type is 18F4620

Call graph: (short form)




                Name                               Link     Load   Length Selector   Space Scale
C:\Users\Noor\AppData\Local\Temp\sdps.obj
                end_init                            300      300        4      180       0
                idloc                            200000   200000        8   200000       0
                config                           300000   300000        E   300000       0
dist/default/production\CarSensor.X.production.obj
                smallconst                         1000     1000       CE      800       0
                text35                             2910     2910       AE      867       0
                text34                             307C     307C       24      867       0
                text33                             30FE     30FE       16      867       0
                text32                             2EF2     2EF2       34      867       0
                text31                             2FB4     2FB4       2E      867       0
                text30                             3032     3032       26      867       0
                text29                             2F26     2F26       32      867       0
                text28                             30A0     30A0       22      867       0
                text27                             2E62     2E62       50      867       0
                text26                             2E0C     2E0C       56      867       0
                text25                             223C     223C      1AC      867       0
                text24                             282A     282A       E6      867       0
                text23                             2736     2736       F4      867       0
                text22                             2642     2642       F4      867       0
                text21                             2F86     2F86       2E      867       0
                text20                             2A56     2A56       98      867       0
                text19                             2F58     2F58       2E      867       0
                text18                             29BE     29BE       98      867       0
                text17                             2DB6     2DB6       56      867       0
                text16                             30E0     30E0       1E      867       0
                text15                             2AEE     2AEE       90      867       0
                text14                             3058     3058       24      867       0
                text13                             2EB2     2EB2       40      867       0
                text12                             2C02     2C02       82      867       0
                text11                             2CF4     2CF4       66      867       0
                text10                             2D5A     2D5A       5C      867       0
                text9                              251A     251A      128      867       0
                text8                              23E8     23E8      132      867       0
                text7                              2B7E     2B7E       84      867       0
                text6                              2C84     2C84       70      867       0
                text5                              300C     300C       26      867       0
                text4                              1FF6     1FF6      246      867       0
                text3                              30C2     30C2       1E      867       0
                text2                              1940     1940      3F0      867       0
                text1                              10CE     10CE      872      867       0
                text0                              1D30     1D30      2C6      867       0
                cstackCOMRAM                          1        1       70        1       1
                cstackBANK0                          80       80       28       80       1
                dataCOMRAM                           71       71        4        1       1
                cinit                              2FE2     2FE2       2A      867       0
                idataCOMRAM                        3114     3114        4      867       0

TOTAL           Name                               Link     Load   Length     Space
        CLASS   STACK          

        CLASS   CODE           
                end_init                            300      300        4         0
                text35                             2910     2910       AE         0
                text34                             307C     307C       24         0
                text33                             30FE     30FE       16         0
                text32                             2EF2     2EF2       34         0
                text31                             2FB4     2FB4       2E         0
                text30                             3032     3032       26         0
                text29                             2F26     2F26       32         0
                text28                             30A0     30A0       22         0
                text27                             2E62     2E62       50         0
                text26                             2E0C     2E0C       56         0
                text25                             223C     223C      1AC         0
                text24                             282A     282A       E6         0
                text23                             2736     2736       F4         0
                text22                             2642     2642       F4         0
                text21                             2F86     2F86       2E         0
                text20                             2A56     2A56       98         0
                text19                             2F58     2F58       2E         0
                text18                             29BE     29BE       98         0
                text17                             2DB6     2DB6       56         0
                text16                             30E0     30E0       1E         0
                text15                             2AEE     2AEE       90         0
                text14                             3058     3058       24         0
                text13                             2EB2     2EB2       40         0
                text12                             2C02     2C02       82         0
                text11                             2CF4     2CF4       66         0
                text10                             2D5A     2D5A       5C         0
                text9                              251A     251A      128         0
                text8                              23E8     23E8      132         0
                text7                              2B7E     2B7E       84         0
                text6                              2C84     2C84       70         0
                text5                              300C     300C       26         0
                text4                              1FF6     1FF6      246         0
                text3                              30C2     30C2       1E         0
                text2                              1940     1940      3F0         0
                text1                              10CE     10CE      872         0
                text0                              1D30     1D30      2C6         0
                cinit                              2FE2     2FE2       2A         0
                idataCOMRAM                        3114     3114        4         0

        CLASS   CONST          

        CLASS   SMALLCONST     
                smallconst                         1000     1000       CE         0

        CLASS   MEDIUMCONST    

        CLASS   COMRAM         
                cstackCOMRAM                          1        1       70         1
                dataCOMRAM                           71       71        4         1

        CLASS   ABS1           

        CLASS   BIGRAM         

        CLASS   RAM            

        CLASS   BANK0          
                cstackBANK0                          80       80       28         1

        CLASS   BANK1          

        CLASS   BANK2          

        CLASS   BANK3          

        CLASS   BANK4          

        CLASS   BANK5          

        CLASS   BANK6          

        CLASS   BANK7          

        CLASS   BANK8          

        CLASS   BANK9          

        CLASS   BANK10         

        CLASS   BANK11         

        CLASS   BANK12         

        CLASS   BANK13         

        CLASS   BANK14         

        CLASS   BANK15         

        CLASS   SFR            

        CLASS   FARRAM         

        CLASS   CONFIG         
                config                           300000   300000        E         0

        CLASS   IDLOC          
                idloc                            200000   200000        8         0

        CLASS   EEDATA         



SEGMENTS        Name                           Load    Length   Top    Selector   Space  Class

                cstackCOMRAM                   000001  000074  000075         1       1  COMRAM  
                cstackBANK0                    000080  000028  0000A8        80       1  BANK0   
                reset_vec                      000300  000004  000304       180       0  CODE    
                smallconst                     001000  0000CE  0010CE       800       0  SMALLCON
                text1                          0010CE  00204A  003118       867       0  CODE    
                idloc                          200000  000008  200008    200000       0  IDLOC   
                config                         300000  00000E  30000E    300000       0  CONFIG  


UNUSED ADDRESS RANGES

        Name                Unused          Largest block    Delta
        BANK0            0000A8-0000FF               58
        BANK1            000100-0001FF              100
        BANK10           000A00-000AFF              100
        BANK11           000B00-000BFF              100
        BANK12           000C00-000CFF              100
        BANK13           000D00-000DFF              100
        BANK14           000E00-000EFF              100
        BANK15           000F00-000F7F               80
        BANK2            000200-0002FF              100
        BANK3            000300-0003FF              100
        BANK4            000400-0004FF              100
        BANK5            000500-0005FF              100
        BANK6            000600-0006FF              100
        BANK7            000700-0007FF              100
        BANK8            000800-0008FF              100
        BANK9            000900-0009FF              100
        BIGRAM           000075-00007F                B
                         0000A8-000F7F              ED8
        CODE             000304-000FFF              CFC
                         003118-00FFFF             CEE8
        COMRAM           000075-00007F                B
        CONST            000304-000FFF              CFC
                         003118-00FFFF             CEE8
        EEDATA           F00000-F003FF              400
        FARRAM           000000-000000                1
        MEDIUMCONST      003118-00FFFF             CEE8
        RAM              0000A8-000F7F              100
        SFR              000F80-000FFF               80
        SMALLCONST       003118-00FFFF              100
        STACK            0000A8-000F7F              ED8

                                  Symbol Table

?___awdiv                  cstackCOMRAM 000007
?___awmod                  cstackCOMRAM 000001
?___ftadd                  cstackCOMRAM 00002E
?___ftdiv                  cstackCOMRAM 000024
?___ftmul                  cstackCOMRAM 000015
?___ftneg                  cstackCOMRAM 000001
?___ftpack                 cstackCOMRAM 000001
?___ftsub                  cstackCOMRAM 00003A
?___fttol                  cstackCOMRAM 00003A
?___lldiv                  cstackCOMRAM 000001
?___llmod                  cstackCOMRAM 000001
?___lltoft                 cstackCOMRAM 000009
?___lwtoft                 cstackCOMRAM 000009
?___wmul                   cstackCOMRAM 00000F
?__div_to_l_               cstackCOMRAM 000001
?__tdiv_to_l_              cstackCOMRAM 000001
?_fround                   cstackCOMRAM 000024
?_scale                    cstackCOMRAM 000024
?_sprintf                  cstackCOMRAM 000049
_ADCON0                    (abs)        000FC2
_ADCON1                    (abs)        000FC1
_CCP1CON                   (abs)        000FBD
_CCP1CONbits               (abs)        000FBD
_CCP2CON                   (abs)        000FBA
_CCP2CONbits               (abs)        000FBA
_CCPR1L                    (abs)        000FBE
_CCPR2L                    (abs)        000FBB
_LCD_INIT_STRING           dataCOMRAM   000071
_PORTBbits                 (abs)        000F81
_PORTDbits                 (abs)        000F83
_PR2                       (abs)        000FCB
_T1CON                     (abs)        000FCD
_T1CONbits                 (abs)        000FCD
_T2CON                     (abs)        000FCA
_T2CONbits                 (abs)        000FCA
_TMR1H                     (abs)        000FCF
_TMR1L                     (abs)        000FCE
_TRISA                     (abs)        000F92
_TRISB                     (abs)        000F93
_TRISC                     (abs)        000F94
_TRISCbits                 (abs)        000F94
_TRISD                     (abs)        000F95
_TRISE                     (abs)        000F96
__CFG_BOREN$SBORDIS        (abs)        000000
__CFG_BORV$3               (abs)        000000
__CFG_CCP2MX$PORTC         (abs)        000000
__CFG_CP0$OFF              (abs)        000000
__CFG_CP1$OFF              (abs)        000000
__CFG_CP2$OFF              (abs)        000000
__CFG_CP3$OFF              (abs)        000000
__CFG_CPB$OFF              (abs)        000000
__CFG_CPD$OFF              (abs)        000000
__CFG_EBTR0$OFF            (abs)        000000
__CFG_EBTR1$OFF            (abs)        000000
__CFG_EBTR2$OFF            (abs)        000000
__CFG_EBTR3$OFF            (abs)        000000
__CFG_EBTRB$OFF            (abs)        000000
__CFG_FCMEN$OFF            (abs)        000000
__CFG_IESO$OFF             (abs)        000000
__CFG_LPT1OSC$OFF          (abs)        000000
__CFG_LVP$ON               (abs)        000000
__CFG_MCLRE$ON             (abs)        000000
__CFG_OSC$XT               (abs)        000000
__CFG_PBADEN$ON            (abs)        000000
__CFG_PWRT$OFF             (abs)        000000
__CFG_STVREN$ON            (abs)        000000
__CFG_WDT$ON               (abs)        000000
__CFG_WDTPS$32768          (abs)        000000
__CFG_WRT0$OFF             (abs)        000000
__CFG_WRT1$OFF             (abs)        000000
__CFG_WRT2$OFF             (abs)        000000
__CFG_WRT3$OFF             (abs)        000000
__CFG_WRTB$OFF             (abs)        000000
__CFG_WRTC$OFF             (abs)        000000
__CFG_WRTD$OFF             (abs)        000000
__CFG_XINST$OFF            (abs)        000000
__HRAM                     (abs)        000000
__Habs1                    abs1         000000
__Hbank0                   bank0        000000
__Hbank1                   bank1        000000
__Hbank10                  bank10       000000
__Hbank11                  bank11       000000
__Hbank12                  bank12       000000
__Hbank13                  bank13       000000
__Hbank14                  bank14       000000
__Hbank15                  bank15       000000
__Hbank2                   bank2        000000
__Hbank3                   bank3        000000
__Hbank4                   bank4        000000
__Hbank5                   bank5        000000
__Hbank6                   bank6        000000
__Hbank7                   bank7        000000
__Hbank8                   bank8        000000
__Hbank9                   bank9        000000
__Hbigbss                  bigbss       000000
__Hbigdata                 bigdata      000000
__Hbigram                  bigram       000000
__Hbss                     bss          000000
__Hcinit                   cinit        000000
__Hclrtext                 clrtext      000000
__Hcomram                  comram       000000
__Hconfig                  config       30000E
__Hconst                   const        000000
__HcstackBANK0             cstackBANK0  000000
__HcstackCOMRAM            cstackCOMRAM 000000
__Hdata                    data         000000
__HdataCOMRAM              dataCOMRAM   000000
__Heeprom_data             eeprom_data  000000
__Hend_init                end_init     000304
__Hfarbss                  farbss       000000
__Hfardata                 fardata      000000
__Hibigdata                ibigdata     000000
__Hidata                   idata        000000
__HidataCOMRAM             idataCOMRAM  000000
__Hidloc                   idloc        200008
__Hifardata                ifardata     000000
__Hinit                    init         000300
__Hintcode                 intcode      000300
__Hintcode_body            intcode_body 000000
__Hintcodelo               intcodelo    000300
__Hintentry                intentry     000000
__Hintret                  intret       000000
__Hintsave_regs            intsave_regs 000000
__Hirdata                  irdata       000000
__Hmediumconst             mediumconst  000000
__HnvFARRAM                nvFARRAM     000000
__Hnvbit                   nvbit        000000
__Hnvrram                  nvrram       000000
__Hparam                   rparam       000000
__Hpowerup                 powerup      000300
__Hram                     ram          000000
__Hramtop                  ramtop       001000
__Hrbit                    rbit         000000
__Hrbss                    rbss         000000
__Hrdata                   rdata        000000
__Hreset_vec               reset_vec    000300
__Hrparam                  rparam       000000
__Hsfr                     sfr          000000
__Hsmallconst              smallconst   0010CE
__Hspace_0                 (abs)        30000E
__Hspace_1                 (abs)        0000A8
__Hspace_2                 (abs)        000000
__Hstack                   stack        000000
__Hstruct                  struct       000000
__Htemp                    temp         000000
__Htext                    text         000000
__Htext0                   text0        000000
__Htext1                   text1        000000
__Htext10                  text10       000000
__Htext11                  text11       000000
__Htext12                  text12       000000
__Htext13                  text13       000000
__Htext14                  text14       000000
__Htext15                  text15       000000
__Htext16                  text16       000000
__Htext17                  text17       000000
__Htext18                  text18       000000
__Htext19                  text19       000000
__Htext2                   text2        000000
__Htext20                  text20       000000
__Htext21                  text21       000000
__Htext22                  text22       000000
__Htext23                  text23       000000
__Htext24                  text24       000000
__Htext25                  text25       000000
__Htext26                  text26       000000
__Htext27                  text27       000000
__Htext28                  text28       000000
__Htext29                  text29       000000
__Htext3                   text3        000000
__Htext30                  text30       000000
__Htext31                  text31       000000
__Htext32                  text32       000000
__Htext33                  text33       000000
__Htext34                  text34       000000
__Htext35                  text35       000000
__Htext4                   text4        000000
__Htext5                   text5        000000
__Htext6                   text6        000000
__Htext7                   text7        000000
__Htext8                   text8        000000
__Htext9                   text9        000000
__LRAM                     (abs)        000001
__Labs1                    abs1         000000
__Lbank0                   bank0        000000
__Lbank1                   bank1        000000
__Lbank10                  bank10       000000
__Lbank11                  bank11       000000
__Lbank12                  bank12       000000
__Lbank13                  bank13       000000
__Lbank14                  bank14       000000
__Lbank15                  bank15       000000
__Lbank2                   bank2        000000
__Lbank3                   bank3        000000
__Lbank4                   bank4        000000
__Lbank5                   bank5        000000
__Lbank6                   bank6        000000
__Lbank7                   bank7        000000
__Lbank8                   bank8        000000
__Lbank9                   bank9        000000
__Lbigbss                  bigbss       000000
__Lbigdata                 bigdata      000000
__Lbigram                  bigram       000000
__Lbss                     bss          000000
__Lcinit                   cinit        000000
__Lclrtext                 clrtext      000000
__Lcomram                  comram       000000
__Lconfig                  config       300000
__Lconst                   const        000000
__LcstackBANK0             cstackBANK0  000000
__LcstackCOMRAM            cstackCOMRAM 000000
__Ldata                    data         000000
__LdataCOMRAM              dataCOMRAM   000000
__Leeprom_data             eeprom_data  000000
__Lend_init                end_init     000300
__Lfarbss                  farbss       000000
__Lfardata                 fardata      000000
__Libigdata                ibigdata     000000
__Lidata                   idata        000000
__LidataCOMRAM             idataCOMRAM  000000
__Lidloc                   idloc        200000
__Lifardata                ifardata     000000
__Linit                    init         000300
__Lintcode                 intcode      000300
__Lintcode_body            intcode_body 000000
__Lintcodelo               intcodelo    000300
__Lintentry                intentry     000000
__Lintret                  intret       000000
__Lintsave_regs            intsave_regs 000000
__Lirdata                  irdata       000000
__Lmediumconst             mediumconst  000000
__LnvFARRAM                nvFARRAM     000000
__Lnvbit                   nvbit        000000
__Lnvrram                  nvrram       000000
__Lparam                   rparam       000000
__Lpowerup                 powerup      000300
__Lram                     ram          000000
__Lramtop                  ramtop       001000
__Lrbit                    rbit         000000
__Lrbss                    rbss         000000
__Lrdata                   rdata        000000
__Lreset_vec               reset_vec    000300
__Lrparam                  rparam       000000
__Lsfr                     sfr          000000
__Lsmallconst              smallconst   001000
__Lspace_0                 (abs)        000000
__Lspace_1                 (abs)        000000
__Lspace_2                 (abs)        000000
__Lstack                   stack        000000
__Lstruct                  struct       000000
__Ltemp                    temp         000000
__Ltext                    text         000000
__Ltext0                   text0        000000
__Ltext1                   text1        000000
__Ltext10                  text10       000000
__Ltext11                  text11       000000
__Ltext12                  text12       000000
__Ltext13                  text13       000000
__Ltext14                  text14       000000
__Ltext15                  text15       000000
__Ltext16                  text16       000000
__Ltext17                  text17       000000
__Ltext18                  text18       000000
__Ltext19                  text19       000000
__Ltext2                   text2        000000
__Ltext20                  text20       000000
__Ltext21                  text21       000000
__Ltext22                  text22       000000
__Ltext23                  text23       000000
__Ltext24                  text24       000000
__Ltext25                  text25       000000
__Ltext26                  text26       000000
__Ltext27                  text27       000000
__Ltext28                  text28       000000
__Ltext29                  text29       000000
__Ltext3                   text3        000000
__Ltext30                  text30       000000
__Ltext31                  text31       000000
__Ltext32                  text32       000000
__Ltext33                  text33       000000
__Ltext34                  text34       000000
__Ltext35                  text35       000000
__Ltext4                   text4        000000
__Ltext5                   text5        000000
__Ltext6                   text6        000000
__Ltext7                   text7        000000
__Ltext8                   text8        000000
__Ltext9                   text9        000000
__S0                       (abs)        30000E
__S1                       (abs)        0000A8
__S2                       (abs)        000000
___awdiv                   text7        002B7E
___awdiv@counter           cstackCOMRAM 00000B
___awdiv@dividend          cstackCOMRAM 000007
___awdiv@divisor           cstackCOMRAM 000009
___awdiv@quotient          cstackCOMRAM 00000D
___awdiv@sign              cstackCOMRAM 00000C
___awmod                   text6        002C84
___awmod@counter           cstackCOMRAM 000005
___awmod@dividend          cstackCOMRAM 000001
___awmod@divisor           cstackCOMRAM 000003
___awmod@sign              cstackCOMRAM 000006
___ftadd                   text25       00223C
___ftadd@exp1              cstackCOMRAM 000039
___ftadd@exp2              cstackCOMRAM 000038
___ftadd@f1                cstackCOMRAM 00002E
___ftadd@f2                cstackCOMRAM 000031
___ftadd@sign              cstackCOMRAM 000037
___ftdiv                   text24       00282A
___ftdiv@cntr              cstackCOMRAM 00002D
___ftdiv@exp               cstackCOMRAM 000031
___ftdiv@f1                cstackCOMRAM 000024
___ftdiv@f2                cstackCOMRAM 000027
___ftdiv@f3                cstackCOMRAM 00002E
___ftdiv@sign              cstackCOMRAM 000032
___ftge                    text15       002AEE
___ftge@ff1                cstackCOMRAM 000001
___ftge@ff2                cstackCOMRAM 000004
___ftmul                   text23       002736
___ftmul@cntr              cstackCOMRAM 000022
___ftmul@exp               cstackCOMRAM 00001E
___ftmul@f1                cstackCOMRAM 000015
___ftmul@f2                cstackCOMRAM 000018
___ftmul@f3_as_product     cstackCOMRAM 00001F
___ftmul@sign              cstackCOMRAM 000023
___ftneg                   text14       003058
___ftneg@f1                cstackCOMRAM 000001
___ftpack                  text35       002910
___ftpack@arg              cstackCOMRAM 000001
___ftpack@exp              cstackCOMRAM 000004
___ftpack@sign             cstackCOMRAM 000005
___ftsub                   text13       002EB2
___ftsub@f1                cstackCOMRAM 00003A
___ftsub@f2                cstackCOMRAM 00003D
___fttol                   text22       002642
___fttol@exp1              cstackCOMRAM 000048
___fttol@f1                cstackCOMRAM 00003A
___fttol@lval              cstackCOMRAM 000044
___fttol@sign1             cstackCOMRAM 000043
___inthi_sp                stack        000000
___intlo_sp                stack        000000
___lldiv                   text12       002C02
___lldiv@counter           cstackCOMRAM 00000D
___lldiv@dividend          cstackCOMRAM 000001
___lldiv@divisor           cstackCOMRAM 000005
___lldiv@quotient          cstackCOMRAM 000009
___llmod                   text11       002CF4
___llmod@counter           cstackCOMRAM 000009
___llmod@dividend          cstackCOMRAM 000001
___llmod@divisor           cstackCOMRAM 000005
___lltoft                  text10       002D5A
___lltoft@c                cstackCOMRAM 000009
___lltoft@exp              cstackCOMRAM 000011
___lwtoft                  text34       00307C
___lwtoft@c                cstackCOMRAM 000009
___param_bank              (abs)        000010
___rparam_used             (abs)        000001
___sp                      stack        000000
___wmul                    text5        00300C
___wmul@multiplicand       cstackCOMRAM 000011
___wmul@multiplier         cstackCOMRAM 00000F
___wmul@product            cstackCOMRAM 000013
__accesstop                (abs)        000080
__activetblptr             (abs)        000002
__div_to_l_                text9        00251A
__div_to_l_@cntr           cstackCOMRAM 00000B
__div_to_l_@exp1           cstackCOMRAM 00000C
__div_to_l_@f1             cstackCOMRAM 000001
__div_to_l_@f2             cstackCOMRAM 000004
__div_to_l_@quot           cstackCOMRAM 000007
__end_of___awdiv           text7        002C02
__end_of___awmod           text6        002CF4
__end_of___ftadd           text25       0023E8
__end_of___ftdiv           text24       002910
__end_of___ftge            text15       002B7E
__end_of___ftmul           text23       00282A
__end_of___ftneg           text14       00307C
__end_of___ftpack          text35       0029BE
__end_of___ftsub           text13       002EF2
__end_of___fttol           text22       002736
__end_of___lldiv           text12       002C84
__end_of___llmod           text11       002D5A
__end_of___lltoft          text10       002DB6
__end_of___lwtoft          text34       0030A0
__end_of___wmul            text5        003032
__end_of__div_to_l_        text9        002642
__end_of__initialization   cinit        003002
__end_of__npowers_         smallconst   001050
__end_of__powers_          smallconst   001077
__end_of__tdiv_to_l_       text8        00251A
__end_of_delay_cycles      text31       002FE2
__end_of_delay_ms          text32       002F26
__end_of_dpowers           smallconst   001029
__end_of_fround            text4        00223C
__end_of_init_pwm1         text33       003114
__end_of_isdigit           text3        0030E0
__end_of_lcd_gotoxy        text28       0030C2
__end_of_lcd_init          text17       002E0C
__end_of_lcd_putc          text27       002EB2
__end_of_lcd_puts          text26       002E62
__end_of_lcd_send_byte     text29       002F58
__end_of_lcd_send_nibble   text30       003058
__end_of_main              text0        001FF6
__end_of_scale             text2        001D30
__end_of_set_pwm1_raw      text21       002FB4
__end_of_set_pwm1_voltage  text20       002AEE
__end_of_set_pwm2_raw      text19       002F86
__end_of_set_pwm2_voltage  text18       002A56
__end_of_setupPorts        text16       0030FE
__end_of_sprintf           text1        001940
__initialization           cinit        002FE2
__mediumconst              mediumconst  000000
__npowers_                 smallconst   001029
__pcinit                   cinit        002FE2
__pcstackBANK0             cstackBANK0  000080
__pcstackCOMRAM            cstackCOMRAM 000001
__pdataCOMRAM              dataCOMRAM   000071
__pidataCOMRAM             idataCOMRAM  003114
__powers_                  smallconst   001050
__psmallconst              smallconst   001000
__ptext0                   text0        001D30
__ptext1                   text1        0010CE
__ptext10                  text10       002D5A
__ptext11                  text11       002CF4
__ptext12                  text12       002C02
__ptext13                  text13       002EB2
__ptext14                  text14       003058
__ptext15                  text15       002AEE
__ptext16                  text16       0030E0
__ptext17                  text17       002DB6
__ptext18                  text18       0029BE
__ptext19                  text19       002F58
__ptext2                   text2        001940
__ptext20                  text20       002A56
__ptext21                  text21       002F86
__ptext22                  text22       002642
__ptext23                  text23       002736
__ptext24                  text24       00282A
__ptext25                  text25       00223C
__ptext26                  text26       002E0C
__ptext27                  text27       002E62
__ptext28                  text28       0030A0
__ptext29                  text29       002F26
__ptext3                   text3        0030C2
__ptext30                  text30       003032
__ptext31                  text31       002FB4
__ptext32                  text32       002EF2
__ptext33                  text33       0030FE
__ptext34                  text34       00307C
__ptext35                  text35       002910
__ptext4                   text4        001FF6
__ptext5                   text5        00300C
__ptext6                   text6        002C84
__ptext7                   text7        002B7E
__ptext8                   text8        0023E8
__ptext9                   text9        00251A
__ramtop                   ramtop       001000
__size_of___awdiv          (abs)        000000
__size_of___awmod          (abs)        000000
__size_of___ftadd          (abs)        000000
__size_of___ftdiv          (abs)        000000
__size_of___ftge           (abs)        000000
__size_of___ftmul          (abs)        000000
__size_of___ftneg          (abs)        000000
__size_of___ftpack         (abs)        000000
__size_of___ftsub          (abs)        000000
__size_of___fttol          (abs)        000000
__size_of___lldiv          (abs)        000000
__size_of___llmod          (abs)        000000
__size_of___lltoft         (abs)        000000
__size_of___lwtoft         (abs)        000000
__size_of___wmul           (abs)        000000
__size_of__div_to_l_       (abs)        000000
__size_of__tdiv_to_l_      (abs)        000000
__size_of_delay_cycles     (abs)        000000
__size_of_delay_ms         (abs)        000000
__size_of_fround           (abs)        000000
__size_of_init_pwm1        (abs)        000000
__size_of_isdigit          (abs)        000000
__size_of_lcd_gotoxy       (abs)        000000
__size_of_lcd_init         (abs)        000000
__size_of_lcd_putc         (abs)        000000
__size_of_lcd_puts         (abs)        000000
__size_of_lcd_send_byte    (abs)        000000
__size_of_lcd_send_nibble  (abs)        000000
__size_of_main             (abs)        000000
__size_of_scale            (abs)        000000
__size_of_set_pwm1_raw     (abs)        000000
__size_of_set_pwm1_voltage (abs)        000000
__size_of_set_pwm2_raw     (abs)        000000
__size_of_set_pwm2_voltage (abs)        000000
__size_of_setupPorts       (abs)        000000
__size_of_sprintf          (abs)        000000
__smallconst               smallconst   001000
__tdiv_to_l_               text8        0023E8
__tdiv_to_l_@cntr          cstackCOMRAM 00000E
__tdiv_to_l_@exp1          cstackCOMRAM 00000F
__tdiv_to_l_@f1            cstackCOMRAM 000001
__tdiv_to_l_@f2            cstackCOMRAM 000004
__tdiv_to_l_@quot          cstackCOMRAM 00000A
_delay_cycles              text31       002FB4
_delay_ms                  text32       002EF2
_dpowers                   smallconst   001001
_fround                    text4        001FF6
_fround$1119               cstackCOMRAM 00002A
_fround$1120               cstackCOMRAM 000027
_init_pwm1                 text33       0030FE
_isdigit                   text3        0030C2
_isdigit$793               cstackCOMRAM 000002
_lcd                       (abs)        000F83
_lcd_gotoxy                text28       0030A0
_lcd_init                  text17       002DB6
_lcd_putc                  text27       002E62
_lcd_puts                  text26       002E0C
_lcd_send_byte             text29       002F26
_lcd_send_nibble           text30       003032
_main                      text0        001D30
_main$1118                 cstackBANK0  0000A0
_scale                     text2        001940
_scale$1121                cstackCOMRAM 000027
_set_pwm1_raw              text21       002F86
_set_pwm1_voltage          text20       002A56
_set_pwm2_raw              text19       002F58
_set_pwm2_voltage          text18       0029BE
_setupPorts                text16       0030E0
_sprintf                   text1        0010CE
_sprintf$1122              cstackCOMRAM 000056
delay_cycles@n             cstackCOMRAM 000004
delay_cycles@x             cstackCOMRAM 000005
delay_ms@n                 cstackCOMRAM 000004
delay_ms@x                 cstackCOMRAM 000005
end_of_initialization      cinit        003002
fround@prec                cstackCOMRAM 00002D
intlevel0                  text         000000
intlevel1                  text         000000
intlevel2                  text         000000
intlevel3                  text         000000
isdigit@c                  cstackCOMRAM 000003
lcd_gotoxy@address         cstackCOMRAM 00000D
lcd_gotoxy@x               cstackCOMRAM 00000C
lcd_gotoxy@y               cstackCOMRAM 00000B
lcd_init@i                 cstackCOMRAM 00000B
lcd_putc@c                 cstackCOMRAM 00000E
lcd_puts@s                 cstackCOMRAM 00000F
lcd_send_byte@cm_data      cstackCOMRAM 00000A
lcd_send_byte@n            cstackCOMRAM 000009
lcd_send_nibble@n          cstackCOMRAM 000008
main@buff                  cstackBANK0  000080
main@distance              cstackBANK0  0000A5
main@time                  cstackBANK0  0000A3
scale@scl                  cstackCOMRAM 00002A
set_pwm1_raw@raw_value     cstackCOMRAM 000001
set_pwm1_voltage@raw_val   cstackCOMRAM 00004F
set_pwm1_voltage@tmp       cstackCOMRAM 00004C
set_pwm1_voltage@value     cstackCOMRAM 000049
set_pwm2_raw@raw_value     cstackCOMRAM 000001
set_pwm2_voltage@raw_val   cstackCOMRAM 00004F
set_pwm2_voltage@tmp       cstackCOMRAM 00004C
set_pwm2_voltage@value     cstackCOMRAM 000049
sprintf@ap                 cstackCOMRAM 000059
sprintf@c                  cstackCOMRAM 00006E
sprintf@exp                cstackCOMRAM 000067
sprintf@f                  cstackCOMRAM 00004B
sprintf@flag               cstackCOMRAM 00005F
sprintf@fval               cstackCOMRAM 000069
sprintf@prec               cstackCOMRAM 00006C
sprintf@sp                 cstackCOMRAM 000049
sprintf@tmpval             cstackCOMRAM 000063
sprintf@val                cstackCOMRAM 00005B
sprintf@width              cstackCOMRAM 000061
stackhi                    (abs)        000F7F
stacklo                    (abs)        0000A8
start                      init         000300
start_initialization       cinit        002FE2


FUNCTION INFORMATION:

 *************** function _main *****************
 Defined at:
		line 100 in file "carsensor.c"
 Parameters:    Size  Location     Type
		None
 Auto vars:     Size  Location     Type
  buff           32    0[BANK0 ] unsigned char [32]
  distance        3   37[BANK0 ] float 
  time            2   35[BANK0 ] unsigned int 
 Return value:  Size  Location     Type
                  1    wreg      void 
 Registers used:
		wreg, fsr2l, fsr2h, status,2, status,0, tblptrl, tblptrh, tblptru, prodl, prodh, cstack
 Tracked objects:
		On entry : 
		On exit  : 
		Unchanged: 
 Data sizes:     COMRAM   BANK0   BANK1   BANK2   BANK3   BANK4   BANK5   BANK6   BANK7   BANK8   BANK9  BANK10  BANK11  BANK12  BANK13  BANK14  BANK15
      Params:         0       0       0       0       0       0       0       0       0       0       0       0       0       0       0       0       0
      Locals:         0      40       0       0       0       0       0       0       0       0       0       0       0       0       0       0       0
      Temps:          2       0       0       0       0       0       0       0       0       0       0       0       0       0       0       0       0
      Totals:         2      40       0       0       0       0       0       0       0       0       0       0       0       0       0       0       0
Total ram usage:       42 bytes
 Hardware stack levels required when called:    6
 This function calls:
		___ftdiv
		___ftge
		___lwtoft
		_delay_ms
		_init_pwm1
		_lcd_gotoxy
		_lcd_puts
		_set_pwm1_voltage
		_set_pwm2_voltage
		_setupPorts
		_sprintf
 This function is called by:
		Startup code after reset
 This function uses a non-reentrant model


 *************** function _sprintf *****************
 Defined at:
		line 492 in file "C:\Program Files (x86)\Microchip\xc8\v1.37\sources\common\doprnt.c"
 Parameters:    Size  Location     Type
  sp              2   72[COMRAM] PTR unsigned char 
		 -> main@buff(32), 
  f               2   74[COMRAM] PTR const unsigned char 
		 -> STR_4(8), STR_3(15), 
 Auto vars:     Size  Location     Type
  tmpval          4   98[COMRAM] struct .
  val             4   90[COMRAM] unsigned long 
  fval            3  104[COMRAM] unsigned long 
  cp              3    0        PTR const unsigned char 
  prec            2  107[COMRAM] int 
  exp             2  102[COMRAM] int 
  width           2   96[COMRAM] int 
  flag            2   94[COMRAM] unsigned short 
  ap              2   88[COMRAM] PTR void [1]
		 -> ?_sprintf(2), 
  len             2    0        unsigned int 
  c               1  109[COMRAM] char 
  d               1    0        unsigned char 
 Return value:  Size  Location     Type
                  2   72[COMRAM] int 
 Registers used:
		wreg, fsr2l, fsr2h, status,2, status,0, tblptrl, tblptrh, tblptru, prodl, prodh, cstack
 Tracked objects:
		On entry : 
		On exit  : 
		Unchanged: 
 Data sizes:     COMRAM   BANK0   BANK1   BANK2   BANK3   BANK4   BANK5   BANK6   BANK7   BANK8   BANK9  BANK10  BANK11  BANK12  BANK13  BANK14  BANK15
      Params:         7       0       0       0       0       0       0       0       0       0       0       0       0       0       0       0       0
      Locals:        25       0       0       0       0       0       0       0       0       0       0       0       0       0       0       0       0
      Temps:          6       0       0       0       0       0       0       0       0       0       0       0       0       0       0       0       0
      Totals:        38       0       0       0       0       0       0       0       0       0       0       0       0       0       0       0       0
Total ram usage:       38 bytes
 Hardware stack levels used:    1
 Hardware stack levels required when called:    3
 This function calls:
		___awdiv
		___ftadd
		___ftge
		___ftmul
		___ftneg
		___ftsub
		___fttol
		___lldiv
		___llmod
		___lltoft
		___wmul
		__div_to_l_
		__tdiv_to_l_
		_fround
		_isdigit
		_scale
 This function is called by:
		_main
 This function uses a non-reentrant model


 *************** function _scale *****************
 Defined at:
		line 425 in file "C:\Program Files (x86)\Microchip\xc8\v1.37\sources\common\doprnt.c"
 Parameters:    Size  Location     Type
  scl             1    wreg     char 
 Auto vars:     Size  Location     Type
  scl             1   41[COMRAM] char 
 Return value:  Size  Location     Type
                  3   35[COMRAM] char 
 Registers used:
		wreg, status,2, status,0, tblptrl, tblptrh, tblptru, prodl, prodh, cstack
 Tracked objects:
		On entry : 
		On exit  : 
		Unchanged: 
 Data sizes:     COMRAM   BANK0   BANK1   BANK2   BANK3   BANK4   BANK5   BANK6   BANK7   BANK8   BANK9  BANK10  BANK11  BANK12  BANK13  BANK14  BANK15
      Params:         3       0       0       0       0       0       0       0       0       0       0       0       0       0       0       0       0
      Locals:         4       0       0       0       0       0       0       0       0       0       0       0       0       0       0       0       0
      Temps:          0       0       0       0       0       0       0       0       0       0       0       0       0       0       0       0       0
      Totals:         7       0       0       0       0       0       0       0       0       0       0       0       0       0       0       0       0
Total ram usage:        7 bytes
 Hardware stack levels used:    1
 Hardware stack levels required when called:    2
 This function calls:
		___awdiv
		___awmod
		___ftmul
		___wmul
 This function is called by:
		_sprintf
 This function uses a non-reentrant model


 *************** function _isdigit *****************
 Defined at:
		line 8 in file "C:\Program Files (x86)\Microchip\xc8\v1.37\sources\common\isdigit.c"
 Parameters:    Size  Location     Type
  c               1    wreg     unsigned char 
 Auto vars:     Size  Location     Type
  c               1    2[COMRAM] unsigned char 
 Return value:  Size  Location     Type
		None               void
 Registers used:
		wreg, status,2, status,0
 Tracked objects:
		On entry : 
		On exit  : 
		Unchanged: 
 Data sizes:     COMRAM   BANK0   BANK1   BANK2   BANK3   BANK4   BANK5   BANK6   BANK7   BANK8   BANK9  BANK10  BANK11  BANK12  BANK13  BANK14  BANK15
      Params:         0       0       0       0       0       0       0       0       0       0       0       0       0       0       0       0       0
      Locals:         2       0       0       0       0       0       0       0       0       0       0       0       0       0       0       0       0
      Temps:          1       0       0       0       0       0       0       0       0       0       0       0       0       0       0       0       0
      Totals:         3       0       0       0       0       0       0       0       0       0       0       0       0       0       0       0       0
Total ram usage:        3 bytes
 Hardware stack levels used:    1
 This function calls:
		Nothing
 This function is called by:
		_sprintf
 This function uses a non-reentrant model


 *************** function _fround *****************
 Defined at:
		line 409 in file "C:\Program Files (x86)\Microchip\xc8\v1.37\sources\common\doprnt.c"
 Parameters:    Size  Location     Type
  prec            1    wreg     unsigned char 
 Auto vars:     Size  Location     Type
  prec            1   44[COMRAM] unsigned char 
 Return value:  Size  Location     Type
                  3   35[COMRAM] unsigned char 
 Registers used:
		wreg, status,2, status,0, tblptrl, tblptrh, tblptru, prodl, prodh, cstack
 Tracked objects:
		On entry : 
		On exit  : 
		Unchanged: 
 Data sizes:     COMRAM   BANK0   BANK1   BANK2   BANK3   BANK4   BANK5   BANK6   BANK7   BANK8   BANK9  BANK10  BANK11  BANK12  BANK13  BANK14  BANK15
      Params:         3       0       0       0       0       0       0       0       0       0       0       0       0       0       0       0       0
      Locals:         7       0       0       0       0       0       0       0       0       0       0       0       0       0       0       0       0
      Temps:          0       0       0       0       0       0       0       0       0       0       0       0       0       0       0       0       0
      Totals:        10       0       0       0       0       0       0       0       0       0       0       0       0       0       0       0       0
Total ram usage:       10 bytes
 Hardware stack levels used:    1
 Hardware stack levels required when called:    2
 This function calls:
		___awdiv
		___awmod
		___ftmul
		___wmul
 This function is called by:
		_sprintf
 This function uses a non-reentrant model


 *************** function ___wmul *****************
 Defined at:
		line 15 in file "C:\Program Files (x86)\Microchip\xc8\v1.37\sources\common\Umul16.c"
 Parameters:    Size  Location     Type
  multiplier      2   14[COMRAM] unsigned int 
  multiplicand    2   16[COMRAM] unsigned int 
 Auto vars:     Size  Location     Type
  product         2   18[COMRAM] unsigned int 
 Return value:  Size  Location     Type
                  2   14[COMRAM] unsigned int 
 Registers used:
		wreg, status,2, status,0, prodl, prodh
 Tracked objects:
		On entry : 
		On exit  : 
		Unchanged: 
 Data sizes:     COMRAM   BANK0   BANK1   BANK2   BANK3   BANK4   BANK5   BANK6   BANK7   BANK8   BANK9  BANK10  BANK11  BANK12  BANK13  BANK14  BANK15
      Params:         4       0       0       0       0       0       0       0       0       0       0       0       0       0       0       0       0
      Locals:         2       0       0       0       0       0       0       0       0       0       0       0       0       0       0       0       0
      Temps:          0       0       0       0       0       0       0       0       0       0       0       0       0       0       0       0       0
      Totals:         6       0       0       0       0       0       0       0       0       0       0       0       0       0       0       0       0
Total ram usage:        6 bytes
 Hardware stack levels used:    1
 This function calls:
		Nothing
 This function is called by:
		_fround
		_scale
		_sprintf
 This function uses a non-reentrant model


 *************** function ___awmod *****************
 Defined at:
		line 8 in file "C:\Program Files (x86)\Microchip\xc8\v1.37\sources\common\awmod.c"
 Parameters:    Size  Location     Type
  dividend        2    0[COMRAM] int 
  divisor         2    2[COMRAM] int 
 Auto vars:     Size  Location     Type
  sign            1    5[COMRAM] unsigned char 
  counter         1    4[COMRAM] unsigned char 
 Return value:  Size  Location     Type
                  2    0[COMRAM] int 
 Registers used:
		wreg, status,2, status,0
 Tracked objects:
		On entry : 
		On exit  : 
		Unchanged: 
 Data sizes:     COMRAM   BANK0   BANK1   BANK2   BANK3   BANK4   BANK5   BANK6   BANK7   BANK8   BANK9  BANK10  BANK11  BANK12  BANK13  BANK14  BANK15
      Params:         4       0       0       0       0       0       0       0       0       0       0       0       0       0       0       0       0
      Locals:         2       0       0       0       0       0       0       0       0       0       0       0       0       0       0       0       0
      Temps:          0       0       0       0       0       0       0       0       0       0       0       0       0       0       0       0       0
      Totals:         6       0       0       0       0       0       0       0       0       0       0       0       0       0       0       0       0
Total ram usage:        6 bytes
 Hardware stack levels used:    1
 This function calls:
		Nothing
 This function is called by:
		_fround
		_scale
 This function uses a non-reentrant model


 *************** function ___awdiv *****************
 Defined at:
		line 8 in file "C:\Program Files (x86)\Microchip\xc8\v1.37\sources\common\awdiv.c"
 Parameters:    Size  Location     Type
  dividend        2    6[COMRAM] int 
  divisor         2    8[COMRAM] int 
 Auto vars:     Size  Location     Type
  quotient        2   12[COMRAM] int 
  sign            1   11[COMRAM] unsigned char 
  counter         1   10[COMRAM] unsigned char 
 Return value:  Size  Location     Type
                  2    6[COMRAM] int 
 Registers used:
		wreg, status,2, status,0
 Tracked objects:
		On entry : 
		On exit  : 
		Unchanged: 
 Data sizes:     COMRAM   BANK0   BANK1   BANK2   BANK3   BANK4   BANK5   BANK6   BANK7   BANK8   BANK9  BANK10  BANK11  BANK12  BANK13  BANK14  BANK15
      Params:         4       0       0       0       0       0       0       0       0       0       0       0       0       0       0       0       0
      Locals:         4       0       0       0       0       0       0       0       0       0       0       0       0       0       0       0       0
      Temps:          0       0       0       0       0       0       0       0       0       0       0       0       0       0       0       0       0
      Totals:         8       0       0       0       0       0       0       0       0       0       0       0       0       0       0       0       0
Total ram usage:        8 bytes
 Hardware stack levels used:    1
 This function calls:
		Nothing
 This function is called by:
		_fround
		_scale
		_sprintf
 This function uses a non-reentrant model


 *************** function __tdiv_to_l_ *****************
 Defined at:
		line 60 in file "C:\Program Files (x86)\Microchip\xc8\v1.37\sources\common\ftdivl.c"
 Parameters:    Size  Location     Type
  f1              3    0[COMRAM] float 
  f2              3    3[COMRAM] float 
 Auto vars:     Size  Location     Type
  quot            4    9[COMRAM] unsigned long 
  exp1            1   14[COMRAM] unsigned char 
  cntr            1   13[COMRAM] unsigned char 
 Return value:  Size  Location     Type
                  4    0[COMRAM] unsigned long 
 Registers used:
		wreg, status,2, status,0
 Tracked objects:
		On entry : 
		On exit  : 
		Unchanged: 
 Data sizes:     COMRAM   BANK0   BANK1   BANK2   BANK3   BANK4   BANK5   BANK6   BANK7   BANK8   BANK9  BANK10  BANK11  BANK12  BANK13  BANK14  BANK15
      Params:         6       0       0       0       0       0       0       0       0       0       0       0       0       0       0       0       0
      Locals:         6       0       0       0       0       0       0       0       0       0       0       0       0       0       0       0       0
      Temps:          3       0       0       0       0       0       0       0       0       0       0       0       0       0       0       0       0
      Totals:        15       0       0       0       0       0       0       0       0       0       0       0       0       0       0       0       0
Total ram usage:       15 bytes
 Hardware stack levels used:    1
 This function calls:
		Nothing
 This function is called by:
		_sprintf
 This function uses a non-reentrant model


 *************** function __div_to_l_ *****************
 Defined at:
		line 60 in file "C:\Program Files (x86)\Microchip\xc8\v1.37\sources\common\fldivl.c"
 Parameters:    Size  Location     Type
  f1              3    0[COMRAM] unsigned long 
  f2              3    3[COMRAM] unsigned long 
 Auto vars:     Size  Location     Type
  quot            4    6[COMRAM] unsigned long 
  exp1            1   11[COMRAM] unsigned char 
  cntr            1   10[COMRAM] unsigned char 
 Return value:  Size  Location     Type
                  4    0[COMRAM] unsigned long 
 Registers used:
		wreg, status,2, status,0
 Tracked objects:
		On entry : 
		On exit  : 
		Unchanged: 
 Data sizes:     COMRAM   BANK0   BANK1   BANK2   BANK3   BANK4   BANK5   BANK6   BANK7   BANK8   BANK9  BANK10  BANK11  BANK12  BANK13  BANK14  BANK15
      Params:         6       0       0       0       0       0       0       0       0       0       0       0       0       0       0       0       0
      Locals:         6       0       0       0       0       0       0       0       0       0       0       0       0       0       0       0       0
      Temps:          0       0       0       0       0       0       0       0       0       0       0       0       0       0       0       0       0
      Totals:        12       0       0       0       0       0       0       0       0       0       0       0       0       0       0       0       0
Total ram usage:       12 bytes
 Hardware stack levels used:    1
 This function calls:
		Nothing
 This function is called by:
		_sprintf
 This function uses a non-reentrant model


 *************** function ___lltoft *****************
 Defined at:
		line 35 in file "C:\Program Files (x86)\Microchip\xc8\v1.37\sources\common\lltoft.c"
 Parameters:    Size  Location     Type
  c               4    8[COMRAM] unsigned long 
 Auto vars:     Size  Location     Type
  exp             1   16[COMRAM] unsigned char 
 Return value:  Size  Location     Type
                  3    8[COMRAM] float 
 Registers used:
		wreg, status,2, status,0, cstack
 Tracked objects:
		On entry : 
		On exit  : 
		Unchanged: 
 Data sizes:     COMRAM   BANK0   BANK1   BANK2   BANK3   BANK4   BANK5   BANK6   BANK7   BANK8   BANK9  BANK10  BANK11  BANK12  BANK13  BANK14  BANK15
      Params:         4       0       0       0       0       0       0       0       0       0       0       0       0       0       0       0       0
      Locals:         1       0       0       0       0       0       0       0       0       0       0       0       0       0       0       0       0
      Temps:          4       0       0       0       0       0       0       0       0       0       0       0       0       0       0       0       0
      Totals:         9       0       0       0       0       0       0       0       0       0       0       0       0       0       0       0       0
Total ram usage:        9 bytes
 Hardware stack levels used:    1
 Hardware stack levels required when called:    1
 This function calls:
		___ftpack
 This function is called by:
		_sprintf
 This function uses a non-reentrant model


 *************** function ___llmod *****************
 Defined at:
		line 8 in file "C:\Program Files (x86)\Microchip\xc8\v1.37\sources\common\llmod.c"
 Parameters:    Size  Location     Type
  dividend        4    0[COMRAM] unsigned long 
  divisor         4    4[COMRAM] unsigned long 
 Auto vars:     Size  Location     Type
  counter         1    8[COMRAM] unsigned char 
 Return value:  Size  Location     Type
                  4    0[COMRAM] unsigned long 
 Registers used:
		wreg, status,2, status,0
 Tracked objects:
		On entry : 
		On exit  : 
		Unchanged: 
 Data sizes:     COMRAM   BANK0   BANK1   BANK2   BANK3   BANK4   BANK5   BANK6   BANK7   BANK8   BANK9  BANK10  BANK11  BANK12  BANK13  BANK14  BANK15
      Params:         8       0       0       0       0       0       0       0       0       0       0       0       0       0       0       0       0
      Locals:         1       0       0       0       0       0       0       0       0       0       0       0       0       0       0       0       0
      Temps:          0       0       0       0       0       0       0       0       0       0       0       0       0       0       0       0       0
      Totals:         9       0       0       0       0       0       0       0       0       0       0       0       0       0       0       0       0
Total ram usage:        9 bytes
 Hardware stack levels used:    1
 This function calls:
		Nothing
 This function is called by:
		_sprintf
 This function uses a non-reentrant model


 *************** function ___lldiv *****************
 Defined at:
		line 8 in file "C:\Program Files (x86)\Microchip\xc8\v1.37\sources\common\lldiv.c"
 Parameters:    Size  Location     Type
  dividend        4    0[COMRAM] unsigned long 
  divisor         4    4[COMRAM] unsigned long 
 Auto vars:     Size  Location     Type
  quotient        4    8[COMRAM] unsigned long 
  counter         1   12[COMRAM] unsigned char 
 Return value:  Size  Location     Type
                  4    0[COMRAM] unsigned long 
 Registers used:
		wreg, status,2, status,0
 Tracked objects:
		On entry : 
		On exit  : 
		Unchanged: 
 Data sizes:     COMRAM   BANK0   BANK1   BANK2   BANK3   BANK4   BANK5   BANK6   BANK7   BANK8   BANK9  BANK10  BANK11  BANK12  BANK13  BANK14  BANK15
      Params:         8       0       0       0       0       0       0       0       0       0       0       0       0       0       0       0       0
      Locals:         5       0       0       0       0       0       0       0       0       0       0       0       0       0       0       0       0
      Temps:          0       0       0       0       0       0       0       0       0       0       0       0       0       0       0       0       0
      Totals:        13       0       0       0       0       0       0       0       0       0       0       0       0       0       0       0       0
Total ram usage:       13 bytes
 Hardware stack levels used:    1
 This function calls:
		Nothing
 This function is called by:
		_sprintf
 This function uses a non-reentrant model


 *************** function ___ftsub *****************
 Defined at:
		line 20 in file "C:\Program Files (x86)\Microchip\xc8\v1.37\sources\common\ftsub.c"
 Parameters:    Size  Location     Type
  f1              3   57[COMRAM] float 
  f2              3   60[COMRAM] float 
 Auto vars:     Size  Location     Type
		None
 Return value:  Size  Location     Type
                  3   57[COMRAM] float 
 Registers used:
		wreg, status,2, status,0, cstack
 Tracked objects:
		On entry : 
		On exit  : 
		Unchanged: 
 Data sizes:     COMRAM   BANK0   BANK1   BANK2   BANK3   BANK4   BANK5   BANK6   BANK7   BANK8   BANK9  BANK10  BANK11  BANK12  BANK13  BANK14  BANK15
      Params:         6       0       0       0       0       0       0       0       0       0       0       0       0       0       0       0       0
      Locals:         0       0       0       0       0       0       0       0       0       0       0       0       0       0       0       0       0
      Temps:          0       0       0       0       0       0       0       0       0       0       0       0       0       0       0       0       0
      Totals:         6       0       0       0       0       0       0       0       0       0       0       0       0       0       0       0       0
Total ram usage:        6 bytes
 Hardware stack levels used:    1
 Hardware stack levels required when called:    2
 This function calls:
		___ftadd
 This function is called by:
		_sprintf
 This function uses a non-reentrant model


 *************** function ___ftneg *****************
 Defined at:
		line 15 in file "C:\Program Files (x86)\Microchip\xc8\v1.37\sources\common\ftneg.c"
 Parameters:    Size  Location     Type
  f1              3    0[COMRAM] float 
 Auto vars:     Size  Location     Type
		None
 Return value:  Size  Location     Type
                  3    0[COMRAM] float 
 Registers used:
		wreg, status,2, status,0
 Tracked objects:
		On entry : 
		On exit  : 
		Unchanged: 
 Data sizes:     COMRAM   BANK0   BANK1   BANK2   BANK3   BANK4   BANK5   BANK6   BANK7   BANK8   BANK9  BANK10  BANK11  BANK12  BANK13  BANK14  BANK15
      Params:         3       0       0       0       0       0       0       0       0       0       0       0       0       0       0       0       0
      Locals:         0       0       0       0       0       0       0       0       0       0       0       0       0       0       0       0       0
      Temps:          0       0       0       0       0       0       0       0       0       0       0       0       0       0       0       0       0
      Totals:         3       0       0       0       0       0       0       0       0       0       0       0       0       0       0       0       0
Total ram usage:        3 bytes
 Hardware stack levels used:    1
 This function calls:
		Nothing
 This function is called by:
		_sprintf
 This function uses a non-reentrant model


 *************** function ___ftge *****************
 Defined at:
		line 4 in file "C:\Program Files (x86)\Microchip\xc8\v1.37\sources\common\ftge.c"
 Parameters:    Size  Location     Type
  ff1             3    0[COMRAM] float 
  ff2             3    3[COMRAM] float 
 Auto vars:     Size  Location     Type
		None
 Return value:  Size  Location     Type
		None               void
 Registers used:
		wreg, status,2, status,0
 Tracked objects:
		On entry : 
		On exit  : 
		Unchanged: 
 Data sizes:     COMRAM   BANK0   BANK1   BANK2   BANK3   BANK4   BANK5   BANK6   BANK7   BANK8   BANK9  BANK10  BANK11  BANK12  BANK13  BANK14  BANK15
      Params:         6       0       0       0       0       0       0       0       0       0       0       0       0       0       0       0       0
      Locals:         0       0       0       0       0       0       0       0       0       0       0       0       0       0       0       0       0
      Temps:          3       0       0       0       0       0       0       0       0       0       0       0       0       0       0       0       0
      Totals:         9       0       0       0       0       0       0       0       0       0       0       0       0       0       0       0       0
Total ram usage:        9 bytes
 Hardware stack levels used:    1
 This function calls:
		Nothing
 This function is called by:
		_main
		_sprintf
 This function uses a non-reentrant model


 *************** function _setupPorts *****************
 Defined at:
		line 198 in file "carsensor.c"
 Parameters:    Size  Location     Type
		None
 Auto vars:     Size  Location     Type
		None
 Return value:  Size  Location     Type
                  1    wreg      void 
 Registers used:
		wreg, fsr2l, fsr2h, status,2, status,0, prodl, prodh, cstack
 Tracked objects:
		On entry : 
		On exit  : 
		Unchanged: 
 Data sizes:     COMRAM   BANK0   BANK1   BANK2   BANK3   BANK4   BANK5   BANK6   BANK7   BANK8   BANK9  BANK10  BANK11  BANK12  BANK13  BANK14  BANK15
      Params:         0       0       0       0       0       0       0       0       0       0       0       0       0       0       0       0       0
      Locals:         0       0       0       0       0       0       0       0       0       0       0       0       0       0       0       0       0
      Temps:          0       0       0       0       0       0       0       0       0       0       0       0       0       0       0       0       0
      Totals:         0       0       0       0       0       0       0       0       0       0       0       0       0       0       0       0       0
Total ram usage:        0 bytes
 Hardware stack levels used:    1
 Hardware stack levels required when called:    4
 This function calls:
		_lcd_init
 This function is called by:
		_main
 This function uses a non-reentrant model


 *************** function _lcd_init *****************
 Defined at:
		line 261 in file "carsensor.c"
 Parameters:    Size  Location     Type
		None
 Auto vars:     Size  Location     Type
  i               1   10[COMRAM] unsigned char 
 Return value:  Size  Location     Type
                  1    wreg      void 
 Registers used:
		wreg, fsr2l, fsr2h, status,2, status,0, prodl, prodh, cstack
 Tracked objects:
		On entry : 
		On exit  : 
		Unchanged: 
 Data sizes:     COMRAM   BANK0   BANK1   BANK2   BANK3   BANK4   BANK5   BANK6   BANK7   BANK8   BANK9  BANK10  BANK11  BANK12  BANK13  BANK14  BANK15
      Params:         0       0       0       0       0       0       0       0       0       0       0       0       0       0       0       0       0
      Locals:         1       0       0       0       0       0       0       0       0       0       0       0       0       0       0       0       0
      Temps:          0       0       0       0       0       0       0       0       0       0       0       0       0       0       0       0       0
      Totals:         1       0       0       0       0       0       0       0       0       0       0       0       0       0       0       0       0
Total ram usage:        1 bytes
 Hardware stack levels used:    1
 Hardware stack levels required when called:    3
 This function calls:
		_delay_ms
		_lcd_send_byte
		_lcd_send_nibble
 This function is called by:
		_setupPorts
 This function uses a non-reentrant model


 *************** function _set_pwm2_voltage *****************
 Defined at:
		line 166 in file "carsensor.c"
 Parameters:    Size  Location     Type
  value           3   72[COMRAM] float 
 Auto vars:     Size  Location     Type
  tmp             3   75[COMRAM] float 
  raw_val         2   78[COMRAM] int 
 Return value:  Size  Location     Type
                  1    wreg      void 
 Registers used:
		wreg, status,2, status,0, cstack
 Tracked objects:
		On entry : 
		On exit  : 
		Unchanged: 
 Data sizes:     COMRAM   BANK0   BANK1   BANK2   BANK3   BANK4   BANK5   BANK6   BANK7   BANK8   BANK9  BANK10  BANK11  BANK12  BANK13  BANK14  BANK15
      Params:         3       0       0       0       0       0       0       0       0       0       0       0       0       0       0       0       0
      Locals:         5       0       0       0       0       0       0       0       0       0       0       0       0       0       0       0       0
      Temps:          0       0       0       0       0       0       0       0       0       0       0       0       0       0       0       0       0
      Totals:         8       0       0       0       0       0       0       0       0       0       0       0       0       0       0       0       0
Total ram usage:        8 bytes
 Hardware stack levels used:    1
 Hardware stack levels required when called:    2
 This function calls:
		___ftadd
		___ftdiv
		___ftmul
		___fttol
		_set_pwm2_raw
 This function is called by:
		_main
 This function uses a non-reentrant model


 *************** function _set_pwm2_raw *****************
 Defined at:
		line 192 in file "carsensor.c"
 Parameters:    Size  Location     Type
  raw_value       2    0[COMRAM] unsigned int 
 Auto vars:     Size  Location     Type
		None
 Return value:  Size  Location     Type
                  1    wreg      void 
 Registers used:
		wreg, status,2, status,0
 Tracked objects:
		On entry : 
		On exit  : 
		Unchanged: 
 Data sizes:     COMRAM   BANK0   BANK1   BANK2   BANK3   BANK4   BANK5   BANK6   BANK7   BANK8   BANK9  BANK10  BANK11  BANK12  BANK13  BANK14  BANK15
      Params:         2       0       0       0       0       0       0       0       0       0       0       0       0       0       0       0       0
      Locals:         0       0       0       0       0       0       0       0       0       0       0       0       0       0       0       0       0
      Temps:          2       0       0       0       0       0       0       0       0       0       0       0       0       0       0       0       0
      Totals:         4       0       0       0       0       0       0       0       0       0       0       0       0       0       0       0       0
Total ram usage:        4 bytes
 Hardware stack levels used:    1
 This function calls:
		Nothing
 This function is called by:
		_set_pwm2_voltage
 This function uses a non-reentrant model


 *************** function _set_pwm1_voltage *****************
 Defined at:
		line 157 in file "carsensor.c"
 Parameters:    Size  Location     Type
  value           3   72[COMRAM] float 
 Auto vars:     Size  Location     Type
  tmp             3   75[COMRAM] float 
  raw_val         2   78[COMRAM] int 
 Return value:  Size  Location     Type
                  1    wreg      void 
 Registers used:
		wreg, status,2, status,0, cstack
 Tracked objects:
		On entry : 
		On exit  : 
		Unchanged: 
 Data sizes:     COMRAM   BANK0   BANK1   BANK2   BANK3   BANK4   BANK5   BANK6   BANK7   BANK8   BANK9  BANK10  BANK11  BANK12  BANK13  BANK14  BANK15
      Params:         3       0       0       0       0       0       0       0       0       0       0       0       0       0       0       0       0
      Locals:         5       0       0       0       0       0       0       0       0       0       0       0       0       0       0       0       0
      Temps:          0       0       0       0       0       0       0       0       0       0       0       0       0       0       0       0       0
      Totals:         8       0       0       0       0       0       0       0       0       0       0       0       0       0       0       0       0
Total ram usage:        8 bytes
 Hardware stack levels used:    1
 Hardware stack levels required when called:    2
 This function calls:
		___ftadd
		___ftdiv
		___ftmul
		___fttol
		_set_pwm1_raw
 This function is called by:
		_main
 This function uses a non-reentrant model


 *************** function _set_pwm1_raw *****************
 Defined at:
		line 186 in file "carsensor.c"
 Parameters:    Size  Location     Type
  raw_value       2    0[COMRAM] unsigned int 
 Auto vars:     Size  Location     Type
		None
 Return value:  Size  Location     Type
                  1    wreg      void 
 Registers used:
		wreg, status,2, status,0
 Tracked objects:
		On entry : 
		On exit  : 
		Unchanged: 
 Data sizes:     COMRAM   BANK0   BANK1   BANK2   BANK3   BANK4   BANK5   BANK6   BANK7   BANK8   BANK9  BANK10  BANK11  BANK12  BANK13  BANK14  BANK15
      Params:         2       0       0       0       0       0       0       0       0       0       0       0       0       0       0       0       0
      Locals:         0       0       0       0       0       0       0       0       0       0       0       0       0       0       0       0       0
      Temps:          2       0       0       0       0       0       0       0       0       0       0       0       0       0       0       0       0
      Totals:         4       0       0       0       0       0       0       0       0       0       0       0       0       0       0       0       0
Total ram usage:        4 bytes
 Hardware stack levels used:    1
 This function calls:
		Nothing
 This function is called by:
		_set_pwm1_voltage
 This function uses a non-reentrant model


 *************** function ___fttol *****************
 Defined at:
		line 44 in file "C:\Program Files (x86)\Microchip\xc8\v1.37\sources\common\fttol.c"
 Parameters:    Size  Location     Type
  f1              3   57[COMRAM] float 
 Auto vars:     Size  Location     Type
  lval            4   67[COMRAM] unsigned long 
  exp1            1   71[COMRAM] unsigned char 
  sign1           1   66[COMRAM] unsigned char 
 Return value:  Size  Location     Type
                  4   57[COMRAM] long 
 Registers used:
		wreg, status,2, status,0
 Tracked objects:
		On entry : 
		On exit  : 
		Unchanged: 
 Data sizes:     COMRAM   BANK0   BANK1   BANK2   BANK3   BANK4   BANK5   BANK6   BANK7   BANK8   BANK9  BANK10  BANK11  BANK12  BANK13  BANK14  BANK15
      Params:         4       0       0       0       0       0       0       0       0       0       0       0       0       0       0       0       0
      Locals:         6       0       0       0       0       0       0       0       0       0       0       0       0       0       0       0       0
      Temps:          5       0       0       0       0       0       0       0       0       0       0       0       0       0       0       0       0
      Totals:        15       0       0       0       0       0       0       0       0       0       0       0       0       0       0       0       0
Total ram usage:       15 bytes
 Hardware stack levels used:    1
 This function calls:
		Nothing
 This function is called by:
		_set_pwm1_voltage
		_set_pwm2_voltage
		_sprintf
 This function uses a non-reentrant model


 *************** function ___ftmul *****************
 Defined at:
		line 62 in file "C:\Program Files (x86)\Microchip\xc8\v1.37\sources\common\ftmul.c"
 Parameters:    Size  Location     Type
  f1              3   20[COMRAM] float 
  f2              3   23[COMRAM] float 
 Auto vars:     Size  Location     Type
  f3_as_produc    3   30[COMRAM] unsigned um
  sign            1   34[COMRAM] unsigned char 
  cntr            1   33[COMRAM] unsigned char 
  exp             1   29[COMRAM] unsigned char 
 Return value:  Size  Location     Type
                  3   20[COMRAM] float 
 Registers used:
		wreg, status,2, status,0, cstack
 Tracked objects:
		On entry : 
		On exit  : 
		Unchanged: 
 Data sizes:     COMRAM   BANK0   BANK1   BANK2   BANK3   BANK4   BANK5   BANK6   BANK7   BANK8   BANK9  BANK10  BANK11  BANK12  BANK13  BANK14  BANK15
      Params:         6       0       0       0       0       0       0       0       0       0       0       0       0       0       0       0       0
      Locals:         6       0       0       0       0       0       0       0       0       0       0       0       0       0       0       0       0
      Temps:          3       0       0       0       0       0       0       0       0       0       0       0       0       0       0       0       0
      Totals:        15       0       0       0       0       0       0       0       0       0       0       0       0       0       0       0       0
Total ram usage:       15 bytes
 Hardware stack levels used:    1
 Hardware stack levels required when called:    1
 This function calls:
		___ftpack
 This function is called by:
		_set_pwm1_voltage
		_set_pwm2_voltage
		_fround
		_scale
		_sprintf
 This function uses a non-reentrant model


 *************** function ___ftdiv *****************
 Defined at:
		line 54 in file "C:\Program Files (x86)\Microchip\xc8\v1.37\sources\common\ftdiv.c"
 Parameters:    Size  Location     Type
  f1              3   35[COMRAM] float 
  f2              3   38[COMRAM] float 
 Auto vars:     Size  Location     Type
  f3              3   45[COMRAM] float 
  sign            1   49[COMRAM] unsigned char 
[...]
		wreg, fsr2l, fsr2h, status,2, status,0, tblptrl, tblptrh, tblptru, cstack
 Tracked objects:
		On entry : 
		On exit  : 
		Unchanged: 
 Data sizes:     COMRAM   BANK0   BANK1   BANK2   BANK3   BANK4   BANK5   BANK6   BANK7   BANK8   BANK9  BANK10  BANK11  BANK12  BANK13  BANK14  BANK15
      Params:         2       0       0       0       0       0       0       0       0       0       0       0       0       0       0       0       0
      Locals:         0       0       0       0       0       0       0       0       0       0       0       0       0       0       0       0       0
      Temps:          0       0       0       0       0       0       0       0       0       0       0       0       0       0       0       0       0
      Totals:         2       0       0       0       0       0       0       0       0       0       0       0       0       0       0       0       0
Total ram usage:        2 bytes
 Hardware stack levels used:    1
 Hardware stack levels required when called:    5
 This function calls:
		_lcd_putc
 This function is called by:
		_main
 This function uses a non-reentrant model


 *************** function _lcd_putc *****************
 Defined at:
		line 294 in file "carsensor.c"
 Parameters:    Size  Location     Type
  c               1    wreg     unsigned char 
 Auto vars:     Size  Location     Type
  c               1   13[COMRAM] unsigned char 
 Return value:  Size  Location     Type
                  1    wreg      void 
 Registers used:
		wreg, status,2, status,0, cstack
 Tracked objects:
		On entry : 
		On exit  : 
		Unchanged: 
 Data sizes:     COMRAM   BANK0   BANK1   BANK2   BANK3   BANK4   BANK5   BANK6   BANK7   BANK8   BANK9  BANK10  BANK11  BANK12  BANK13  BANK14  BANK15
      Params:         0       0       0       0       0       0       0       0       0       0       0       0       0       0       0       0       0
      Locals:         1       0       0       0       0       0       0       0       0       0       0       0       0       0       0       0       0
      Temps:          0       0       0       0       0       0       0       0       0       0       0       0       0       0       0       0       0
      Totals:         1       0       0       0       0       0       0       0       0       0       0       0       0       0       0       0       0
Total ram usage:        1 bytes
 Hardware stack levels used:    1
 Hardware stack levels required when called:    4
 This function calls:
		_delay_ms
		_lcd_gotoxy
		_lcd_send_byte
 This function is called by:
		_lcd_puts
 This function uses a non-reentrant model


 *************** function _lcd_gotoxy *****************
 Defined at:
		line 283 in file "carsensor.c"
 Parameters:    Size  Location     Type
  x               1    wreg     unsigned char 
  y               1   10[COMRAM] unsigned char 
 Auto vars:     Size  Location     Type
  x               1   11[COMRAM] unsigned char 
  address         1   12[COMRAM] unsigned char 
 Return value:  Size  Location     Type
                  1    wreg      void 
 Registers used:
		wreg, status,2, status,0, cstack
 Tracked objects:
		On entry : 
		On exit  : 
		Unchanged: 
 Data sizes:     COMRAM   BANK0   BANK1   BANK2   BANK3   BANK4   BANK5   BANK6   BANK7   BANK8   BANK9  BANK10  BANK11  BANK12  BANK13  BANK14  BANK15
      Params:         1       0       0       0       0       0       0       0       0       0       0       0       0       0       0       0       0
      Locals:         2       0       0       0       0       0       0       0       0       0       0       0       0       0       0       0       0
      Temps:          0       0       0       0       0       0       0       0       0       0       0       0       0       0       0       0       0
      Totals:         3       0       0       0       0       0       0       0       0       0       0       0       0       0       0       0       0
Total ram usage:        3 bytes
 Hardware stack levels used:    1
 Hardware stack levels required when called:    3
 This function calls:
		_lcd_send_byte
 This function is called by:
		_main
		_lcd_putc
 This function uses a non-reentrant model


 *************** function _lcd_send_byte *****************
 Defined at:
		line 245 in file "carsensor.c"
 Parameters:    Size  Location     Type
  cm_data         1    wreg     unsigned char 
  n               1    8[COMRAM] unsigned char 
 Auto vars:     Size  Location     Type
  cm_data         1    9[COMRAM] unsigned char 
 Return value:  Size  Location     Type
                  1    wreg      void 
 Registers used:
		wreg, status,2, status,0, cstack
 Tracked objects:
		On entry : 
		On exit  : 
		Unchanged: 
 Data sizes:     COMRAM   BANK0   BANK1   BANK2   BANK3   BANK4   BANK5   BANK6   BANK7   BANK8   BANK9  BANK10  BANK11  BANK12  BANK13  BANK14  BANK15
      Params:         1       0       0       0       0       0       0       0       0       0       0       0       0       0       0       0       0
      Locals:         1       0       0       0       0       0       0       0       0       0       0       0       0       0       0       0       0
      Temps:          0       0       0       0       0       0       0       0       0       0       0       0       0       0       0       0       0
      Totals:         2       0       0       0       0       0       0       0       0       0       0       0       0       0       0       0       0
Total ram usage:        2 bytes
 Hardware stack levels used:    1
 Hardware stack levels required when called:    2
 This function calls:
		_delay_cycles
		_delay_ms
		_lcd_send_nibble
 This function is called by:
		_lcd_init
		_lcd_gotoxy
		_lcd_putc
 This function uses a non-reentrant model


 *************** function _lcd_send_nibble *****************
 Defined at:
		line 235 in file "carsensor.c"
 Parameters:    Size  Location     Type
  n               1    wreg     unsigned char 
 Auto vars:     Size  Location     Type
  n               1    7[COMRAM] unsigned char 
 Return value:  Size  Location     Type
                  1    wreg      void 
 Registers used:
		wreg, status,2, status,0, cstack
 Tracked objects:
		On entry : 
		On exit  : 
		Unchanged: 
 Data sizes:     COMRAM   BANK0   BANK1   BANK2   BANK3   BANK4   BANK5   BANK6   BANK7   BANK8   BANK9  BANK10  BANK11  BANK12  BANK13  BANK14  BANK15
      Params:         0       0       0       0       0       0       0       0       0       0       0       0       0       0       0       0       0
      Locals:         1       0       0       0       0       0       0       0       0       0       0       0       0       0       0       0       0
      Temps:          1       0       0       0       0       0       0       0       0       0       0       0       0       0       0       0       0
      Totals:         2       0       0       0       0       0       0       0       0       0       0       0       0       0       0       0       0
Total ram usage:        2 bytes
 Hardware stack levels used:    1
 Hardware stack levels required when called:    1
 This function calls:
		_delay_cycles
 This function is called by:
		_lcd_send_byte
		_lcd_init
 This function uses a non-reentrant model


 *************** function _delay_cycles *****************
 Defined at:
		line 226 in file "carsensor.c"
 Parameters:    Size  Location     Type
  n               1    wreg     unsigned char 
 Auto vars:     Size  Location     Type
  n               1    3[COMRAM] unsigned char 
  x               2    4[COMRAM] int 
 Return value:  Size  Location     Type
                  1    wreg      void 
 Registers used:
		wreg, status,2, status,0
 Tracked objects:
		On entry : 
		On exit  : 
		Unchanged: 
 Data sizes:     COMRAM   BANK0   BANK1   BANK2   BANK3   BANK4   BANK5   BANK6   BANK7   BANK8   BANK9  BANK10  BANK11  BANK12  BANK13  BANK14  BANK15
      Params:         0       0       0       0       0       0       0       0       0       0       0       0       0       0       0       0       0
      Locals:         3       0       0       0       0       0       0       0       0       0       0       0       0       0       0       0       0
      Temps:          3       0       0       0       0       0       0       0       0       0       0       0       0       0       0       0       0
      Totals:         6       0       0       0       0       0       0       0       0       0       0       0       0       0       0       0       0
Total ram usage:        6 bytes
 Hardware stack levels used:    1
 This function calls:
		Nothing
 This function is called by:
		_lcd_send_nibble
		_lcd_send_byte
 This function uses a non-reentrant model


 *************** function _delay_ms *****************
 Defined at:
		line 218 in file "carsensor.c"
 Parameters:    Size  Location     Type
  n               1    wreg     unsigned char 
 Auto vars:     Size  Location     Type
  n               1    3[COMRAM] unsigned char 
  x               2    4[COMRAM] int 
 Return value:  Size  Location     Type
                  1    wreg      void 
 Registers used:
		wreg, status,2, status,0, cstack
 Tracked objects:
		On entry : 
		On exit  : 
		Unchanged: 
 Data sizes:     COMRAM   BANK0   BANK1   BANK2   BANK3   BANK4   BANK5   BANK6   BANK7   BANK8   BANK9  BANK10  BANK11  BANK12  BANK13  BANK14  BANK15
      Params:         0       0       0       0       0       0       0       0       0       0       0       0       0       0       0       0       0
      Locals:         3       0       0       0       0       0       0       0       0       0       0       0       0       0       0       0       0
      Temps:          3       0       0       0       0       0       0       0       0       0       0       0       0       0       0       0       0
      Totals:         6       0       0       0       0       0       0       0       0       0       0       0       0       0       0       0       0
Total ram usage:        6 bytes
 Hardware stack levels used:    1
 This function calls:
		Nothing
 This function is called by:
		_main
		_lcd_send_byte
		_lcd_init
		_lcd_putc
 This function uses a non-reentrant model


 *************** function _init_pwm1 *****************
 Defined at:
		line 175 in file "carsensor.c"
 Parameters:    Size  Location     Type
		None
 Auto vars:     Size  Location     Type
		None
 Return value:  Size  Location     Type
                  1    wreg      void 
 Registers used:
		wreg, status,2
 Tracked objects:
		On entry : 
		On exit  : 
		Unchanged: 
 Data sizes:     COMRAM   BANK0   BANK1   BANK2   BANK3   BANK4   BANK5   BANK6   BANK7   BANK8   BANK9  BANK10  BANK11  BANK12  BANK13  BANK14  BANK15
      Params:         0       0       0       0       0       0       0       0       0       0       0       0       0       0       0       0       0
      Locals:         0       0       0       0       0       0       0       0       0       0       0       0       0       0       0       0       0
      Temps:          0       0       0       0       0       0       0       0       0       0       0       0       0       0       0       0       0
      Totals:         0       0       0       0       0       0       0       0       0       0       0       0       0       0       0       0       0
Total ram usage:        0 bytes
 Hardware stack levels used:    1
 This function calls:
		Nothing
 This function is called by:
		_main
 This function uses a non-reentrant model


 *************** function ___lwtoft *****************
 Defined at:
		line 28 in file "C:\Program Files (x86)\Microchip\xc8\v1.37\sources\common\lwtoft.c"
 Parameters:    Size  Location     Type
  c               2    8[COMRAM] unsigned int 
 Auto vars:     Size  Location     Type
		None
 Return value:  Size  Location     Type
                  3    8[COMRAM] float 
 Registers used:
		wreg, status,2, status,0, cstack
 Tracked objects:
		On entry : 
		On exit  : 
		Unchanged: 
 Data sizes:     COMRAM   BANK0   BANK1   BANK2   BANK3   BANK4   BANK5   BANK6   BANK7   BANK8   BANK9  BANK10  BANK11  BANK12  BANK13  BANK14  BANK15
      Params:         3       0       0       0       0       0       0       0       0       0       0       0       0       0       0       0       0
      Locals:         0       0       0       0       0       0       0       0       0       0       0       0       0       0       0       0       0
      Temps:          0       0       0       0       0       0       0       0       0       0       0       0       0       0       0       0       0
      Totals:         3       0       0       0       0       0       0       0       0       0       0       0       0       0       0       0       0
Total ram usage:        3 bytes
 Hardware stack levels used:    1
 Hardware stack levels required when called:    1
 This function calls:
		___ftpack
 This function is called by:
		_main
 This function uses a non-reentrant model


 *************** function ___ftpack *****************
 Defined at:
		line 62 in file "C:\Program Files (x86)\Microchip\xc8\v1.37\sources\common\float.c"
 Parameters:    Size  Location     Type
  arg             3    0[COMRAM] unsigned um
  exp             1    3[COMRAM] unsigned char 
  sign            1    4[COMRAM] unsigned char 
 Auto vars:     Size  Location     Type
		None
 Return value:  Size  Location     Type
                  3    0[COMRAM] float 
 Registers used:
		wreg, status,2, status,0
 Tracked objects:
		On entry : 
		On exit  : 
		Unchanged: 
 Data sizes:     COMRAM   BANK0   BANK1   BANK2   BANK3   BANK4   BANK5   BANK6   BANK7   BANK8   BANK9  BANK10  BANK11  BANK12  BANK13  BANK14  BANK15
      Params:         5       0       0       0       0       0       0       0       0       0       0       0       0       0       0       0       0
      Locals:         0       0       0       0       0       0       0       0       0       0       0       0       0       0       0       0       0
      Temps:          3       0       0       0       0       0       0       0       0       0       0       0       0       0       0       0       0
      Totals:         8       0       0       0       0       0       0       0       0       0       0       0       0       0       0       0       0
Total ram usage:        8 bytes
 Hardware stack levels used:    1
 This function calls:
		Nothing
 This function is called by:
		___ftadd
		___ftdiv
		___ftmul
		___lltoft
		___lwtoft
 This function uses a non-reentrant model



MODULE INFORMATION

Module		Function		Class		Link	Load	Size
C:\Program Files (x86)\Microchip\xc8\v1.37\sources\common\ftdiv.c
		___ftdiv       		CODE           	282A	0000	231

C:\Program Files (x86)\Microchip\xc8\v1.37\sources\common\ftdiv.c estimated size: 231

C:\Program Files (x86)\Microchip\xc8\v1.37\sources\common\llmod.c
		___llmod       		CODE           	2CF4	0000	103

C:\Program Files (x86)\Microchip\xc8\v1.37\sources\common\llmod.c estimated size: 103

C:\Program Files (x86)\Microchip\xc8\v1.37\sources\common\ftge.c
		___ftge        		CODE           	2AEE	0000	145

C:\Program Files (x86)\Microchip\xc8\v1.37\sources\common\ftge.c estimated size: 145

C:\Program Files (x86)\Microchip\xc8\v1.37\sources\common\doprnt.c
		_scale         		CODE           	1940	0000	1009
		_sprintf       		CODE           	10CE	0000	2163
		_fround        		CODE           	1FF6	0000	583

C:\Program Files (x86)\Microchip\xc8\v1.37\sources\common\doprnt.c estimated size: 3755

C:\Program Files (x86)\Microchip\xc8\v1.37\sources\common\fttol.c
		___fttol       		CODE           	2642	0000	245

C:\Program Files (x86)\Microchip\xc8\v1.37\sources\common\fttol.c estimated size: 245

C:\Program Files (x86)\Microchip\xc8\v1.37\sources\common\Umul16.c
		___wmul        		CODE           	300C	0000	39

C:\Program Files (x86)\Microchip\xc8\v1.37\sources\common\Umul16.c estimated size: 39

C:\Program Files (x86)\Microchip\xc8\v1.37\sources\common\awdiv.c
		___awdiv       		CODE           	2B7E	0000	133

C:\Program Files (x86)\Microchip\xc8\v1.37\sources\common\awdiv.c estimated size: 133

C:\Program Files (x86)\Microchip\xc8\v1.37\sources\common\isdigit.c
		_isdigit       		CODE           	30C2	0000	31

C:\Program Files (x86)\Microchip\xc8\v1.37\sources\common\isdigit.c estimated size: 31

C:\Program Files (x86)\Microchip\xc8\v1.37\sources\common\ftadd.c
		___ftadd       		CODE           	223C	0000	429

C:\Program Files (x86)\Microchip\xc8\v1.37\sources\common\ftadd.c estimated size: 429

C:\Program Files (x86)\Microchip\xc8\v1.37\sources\common\lldiv.c
		___lldiv       		CODE           	2C02	0000	131

C:\Program Files (x86)\Microchip\xc8\v1.37\sources\common\lldiv.c estimated size: 131

C:\Program Files (x86)\Microchip\xc8\v1.37\sources\common\ftdivl.c
		__tdiv_to_l_   		CODE           	23E8	0000	307

C:\Program Files (x86)\Microchip\xc8\v1.37\sources\common\ftdivl.c estimated size: 307

C:\Program Files (x86)\Microchip\xc8\v1.37\sources\common\fldivl.c
		__div_to_l_    		CODE           	251A	0000	297

C:\Program Files (x86)\Microchip\xc8\v1.37\sources\common\fldivl.c estimated size: 297

C:\Program Files (x86)\Microchip\xc8\v1.37\sources\common\ftneg.c
		___ftneg       		CODE           	3058	0000	37

C:\Program Files (x86)\Microchip\xc8\v1.37\sources\common\ftneg.c estimated size: 37

shared
		__powers_      		SMALLCONST     	1050	0000	40
		_dpowers       		SMALLCONST     	1001	0000	41
		__npowers_     		SMALLCONST     	1029	0000	40
		__initialization		CODE           	2FE2	0000	33

shared estimated size: 154

C:\Program Files (x86)\Microchip\xc8\v1.37\sources\common\ftsub.c
		___ftsub       		CODE           	2EB2	0000	65

C:\Program Files (x86)\Microchip\xc8\v1.37\sources\common\ftsub.c estimated size: 65

carsensor.c
		_lcd_putc      		CODE           	2E62	0000	81
		_lcd_puts      		CODE           	2E0C	0000	87
		_lcd_send_byte 		CODE           	2F26	0000	51
		_main          		CODE           	1D30	0000	711
		_lcd_gotoxy    		CODE           	30A0	0000	35
		_lcd_send_nibble		CODE           	3032	0000	39
		_setupPorts    		CODE           	30E0	0000	31
		_delay_ms      		CODE           	2EF2	0000	53
		_init_pwm1     		CODE           	30FE	0000	23
		_set_pwm1_raw  		CODE           	2F86	0000	47
		_set_pwm2_raw  		CODE           	2F58	0000	47
		_set_pwm1_voltage		CODE           	2A56	0000	153
		_set_pwm2_voltage		CODE           	29BE	0000	153
		_lcd_init      		CODE           	2DB6	0000	87
		_delay_cycles  		CODE           	2FB4	0000	47

carsensor.c estimated size: 1645

C:\Program Files (x86)\Microchip\xc8\v1.37\sources\common\float.c
		___ftpack      		CODE           	2910	0000	175

C:\Program Files (x86)\Microchip\xc8\v1.37\sources\common\float.c estimated size: 175

C:\Program Files (x86)\Microchip\xc8\v1.37\sources\common\lwtoft.c
		___lwtoft      		CODE           	307C	0000	37

C:\Program Files (x86)\Microchip\xc8\v1.37\sources\common\lwtoft.c estimated size: 37

C:\Program Files (x86)\Microchip\xc8\v1.37\sources\common\lltoft.c
		___lltoft      		CODE           	2D5A	0000	93

C:\Program Files (x86)\Microchip\xc8\v1.37\sources\common\lltoft.c estimated size: 93

C:\Program Files (x86)\Microchip\xc8\v1.37\sources\common\ftmul.c
		___ftmul       		CODE           	2736	0000	245

C:\Program Files (x86)\Microchip\xc8\v1.37\sources\common\ftmul.c estimated size: 245

C:\Program Files (x86)\Microchip\xc8\v1.37\sources\common\awmod.c
		___awmod       		CODE           	2C84	0000	113

C:\Program Files (x86)\Microchip\xc8\v1.37\sources\common\awmod.c estimated size: 113

